// Jest Snapshot v1, https://goo.gl/fbAQLP

exports[`Category displays 1`] = `
<div
  className="category"
>
  <div
    className="section-header"
  >
    <div
      className="title"
    />
  </div>
  <div
    className="posts"
  >
    <div
      className="pagination-navigation"
    >
      <div
        className="pagination-navigation__content"
      />
    </div>
  </div>
</div>
`;
