// Jest Snapshot v1, https://goo.gl/fbAQLP

exports[`CategoryThumbnail displays 1`] = `
<a
  href="/category/5"
  onClick={[Function]}
>
  <div
    className="category-thumbnail"
    style={
      {
        "backgroundImage": "url(https://throughapinhole.com/wp-content/uploads/2018/07/DSC_1508.jpg)",
      }
    }
  >
    <div
      className="category-title"
    >
      <div
        className="category-title-text"
      >
        Test Category
      </div>
    </div>
  </div>
</a>
`;
