// Jest Snapshot v1, https://goo.gl/fbAQLP

exports[`CategoryThumbnail displays 1`] = `
<div
  className="menu closed"
>
  <ul>
    <li
      onClick={[Function]}
    >
      <a
        href="/"
        onClick={[Function]}
      >
        <div
          className="menu-link"
        >
          Home
        </div>
      </a>
    </li>
    <li>
      Categories
      <ul />
    </li>
    <li>
      Info
      <ul />
    </li>
  </ul>
</div>
`;
