// Jest Snapshot v1, https://goo.gl/fbAQLP

exports[`PostImage displays 1`] = `
<div
  className="post-image"
  onMouseOut={[Function]}
  onMouseOver={[Function]}
>
  <div
    className="post-navigation-arrow active previous"
    style={
      {
        "left": "0px",
        "top": "0px",
      }
    }
  >
    <a
      href="/category/undefined/post/34"
      onClick={[Function]}
    >
      <div
        className="arrow"
      >
        <img
          src="./assets/images/chevron.svg"
        />
      </div>
    </a>
  </div>
  <img
    src={null}
  />
  <div
    className="post-navigation-arrow active next"
    style={
      {
        "right": "0px",
        "top": "0px",
      }
    }
  >
    <a
      href="/category/undefined/post/36"
      onClick={[Function]}
    >
      <div
        className="arrow"
      >
        <img
          src="./assets/images/chevron.svg"
        />
      </div>
    </a>
  </div>
</div>
`;
