// Jest Snapshot v1, https://goo.gl/fbAQLP

exports[`Tests CarouselItem component CarouselItem renders 1`] = `
<div>
  <div
    class="carousel-item"
  >
    <img
      class="carousel-item__image"
      src="http://foo.image"
    />
    <div
      class="carousel-item__title"
    >
      <div>
        Image
      </div>
    </div>
  </div>
</div>
`;
