// Jest Snapshot v1, https://goo.gl/fbAQLP

exports[`PhotoPortfolio displays 1`] = `
<div
  class="app"
>
  <div
    class="title-bar"
  >
    <div
      class="hamburger-button closed"
    >
      <img
        src="./assets/images/hamburger_icon.svg"
        style="border: 0px;"
      />
    </div>
    <div>
      <h1>
        Though a Pinhole
      </h1>
    </div>
  </div>
  <div
    class="photo-portfolio"
  >
    <div
      class="category"
    >
      <div
        class="section-header"
      >
        <div
          class="title"
        >
          Some category
        </div>
      </div>
      <div
        class="posts"
      >
        <a
          href="/category/35/post/foo"
        >
          <div
            class="post-thumbnail"
            style="background-image: url(http://foo);"
          />
        </a>
        <div
          class="pagination-navigation"
        >
          <div
            class="pagination-navigation__content"
          >
            <div
              class="pagination-navigation__item selected"
            >
              1
            </div>
          </div>
        </div>
      </div>
    </div>
  </div>
  <div
    class="menu closed"
  >
    <ul>
      <li>
        <a
          href="/"
        >
          <div
            class="menu-link"
          >
            Home
          </div>
        </a>
      </li>
      <li>
        Categories
        <ul>
          <li>
            <a
              href="/category/23"
            >
              <div
                class="menu-link"
              >
                Some other category
              </div>
            </a>
          </li>
          <li>
            <a
              href="/category/35"
            >
              <div
                class="menu-link"
              >
                Some category
              </div>
            </a>
          </li>
        </ul>
      </li>
      <li>
        Info
        <ul>
          <li>
            <a
              href="/page/150"
            >
              <div
                class="menu-link"
              >
                Contact
              </div>
            </a>
          </li>
        </ul>
      </li>
    </ul>
  </div>
  <div
    class="footer"
  >
    Theme Copyright @2023 Dave Feucht
  </div>
</div>
`;
