// Jest Snapshot v1, https://goo.gl/fbAQLP

exports[`Post displays 1`] = `
<div
  className="post-background"
  onClick={[Function]}
>
  <div
    className="post"
    onClick={[Function]}
  >
    <div
      className="post-titlebar"
    >
      <div
        className="title"
      />
      <div
        className="close-button"
      >
        <a
          href="/category/undefined"
          onClick={[Function]}
        >
          <div
            className="close-button-content"
          >
            <img
              height="30px"
              src="./assets/images/close-button.svg"
              width="30px"
            />
          </div>
        </a>
      </div>
    </div>
    <div
      className="post-image"
      onMouseOut={[Function]}
      onMouseOver={[Function]}
    >
      <img
        src={null}
      />
    </div>
    <div
      className="post-footer"
    >
      <div
        className="labels"
      />
    </div>
  </div>
</div>
`;
