// Jest Snapshot v1, https://goo.gl/fbAQLP

exports[`PostTitlebar displays 1`] = `
<div
  className="post-titlebar"
>
  <div
    className="title"
  >
    Some Post
  </div>
  <div
    className="close-button"
  >
    <a
      href="/category/undefined"
      onClick={[Function]}
    >
      <div
        className="close-button-content"
      >
        <img
          height="30px"
          src="./assets/images/close-button.svg"
          width="30px"
        />
      </div>
    </a>
  </div>
</div>
`;
