// Jest Snapshot v1, https://goo.gl/fbAQLP

exports[`Category displays 1`] = `
<div
  class="category"
>
  <div
    class="section-header"
  >
    <div
      class="title"
    >
      Category 1
    </div>
  </div>
  <div
    class="posts"
  >
    <a
      href="/category/1/post/1"
    >
      <div
        class="post-thumbnail"
        style="background-image: url(https://throughapinhole.com/wp-content/uploads/2018/07/DSC_1508.jpg);"
      />
    </a>
    <div
      class="pagination-navigation"
    >
      <div
        class="pagination-navigation__content"
      >
        <div
          aria-label="pagination"
          class="pagination-navigation__item selected"
        >
          1
        </div>
      </div>
    </div>
  </div>
</div>
`;
