// Jest Snapshot v1, https://goo.gl/fbAQLP

exports[`Category list displays 1`] = `
<div
  class="category-list"
>
  <a
    href="/category/1"
  >
    <div
      aria-label="category-Category-1"
      class="category-thumbnail"
      style="background-image: url(https://throughapinhole.com/wp-content/uploads/2018/07/DSC_1508.jpg);"
    >
      <div
        class="category-title"
      >
        <div
          class="category-title-text"
        >
          Category 1
        </div>
      </div>
    </div>
  </a>
  <div
    class="pagination-navigation"
  >
    <div
      class="pagination-navigation__content"
    >
      <div
        aria-label="pagination"
        class="pagination-navigation__item selected"
      >
        1
      </div>
    </div>
  </div>
</div>
`;
