// Jest Snapshot v1, https://goo.gl/fbAQLP

exports[`Page displays 1`] = `
<div
  class="page"
>
  <div
    class="section-header"
  >
    <p
      class="MuiTypography-root MuiTypography-body1 css-rizt0-MuiTypography-root"
    >
      Page 1
    </p>
  </div>
  <div
    class="page__content"
  >
    This is a page
  </div>
</div>
`;
