// Jest Snapshot v1, https://goo.gl/fbAQLP

exports[`Posts displays 1`] = `
<ul
  class="MuiImageList-root MuiImageList-standard css-dwakge-MuiImageList-root"
  style="grid-template-columns: repeat(3, 1fr); gap: 0;"
>
  <a
    href="/post/887"
  >
    <li
      aria-label="post: Some post"
      class="MuiImageListItem-root MuiImageListItem-standard css-ocyigc-MuiImageListItem-root"
      style="height: 352px; grid-column-end: span 1; grid-row-end: span 1;"
    >
      <img
        alt="Some post"
        class="MuiImageListItem-img"
        loading="lazy"
        src="https://throughapinhole.com/wp-content/uploads/2018/07/DSC_1508.jpg"
      />
    </li>
  </a>
  <a
    href="/post/889"
  >
    <li
      aria-label="post: Some other post"
      class="MuiImageListItem-root MuiImageListItem-standard css-ocyigc-MuiImageListItem-root"
      style="height: 352px; grid-column-end: span 1; grid-row-end: span 1;"
    >
      <img
        alt="Some other post"
        class="MuiImageListItem-img"
        loading="lazy"
        src="https://throughapinhole.com/wp-content/uploads/2018/07/DSC_1508.jpg"
      />
    </li>
  </a>
</ul>
`;
