// Jest Snapshot v1, https://goo.gl/fbAQLP

exports[`Titlebar displays 1`] = `
<div
  class="title-bar"
>
  <div
    class="hamburger-button closed"
  >
    <img
      src="./assets/images/hamburger_icon.svg"
      style="border: 0px;"
    />
  </div>
  <div>
    <h1>
      Through a Pinhole
    </h1>
  </div>
</div>
`;
