// Jest Snapshot v1, https://goo.gl/fbAQLP

exports[`TitleBar Titlebar displays 1`] = `
<header
  class="MuiPaper-root MuiPaper-elevation MuiPaper-elevation4 MuiAppBar-root MuiAppBar-colorPrimary MuiAppBar-positionStatic title-bar css-ptdwpq-MuiPaper-root-MuiAppBar-root"
  style="--Paper-shadow: 0px 2px 4px -1px rgba(0,0,0,0.2),0px 4px 5px 0px rgba(0,0,0,0.14),0px 1px 10px 0px rgba(0,0,0,0.12);"
>
  <div
    class="MuiToolbar-root MuiToolbar-gutters MuiToolbar-regular css-1ygil4i-MuiToolbar-root"
  >
    <button
      aria-label="hamburger-button"
      class="MuiButtonBase-root MuiIconButton-root MuiIconButton-colorInherit MuiIconButton-edgeStart MuiIconButton-sizeLarge hamburger-button closed css-1j9tf9y-MuiButtonBase-root-MuiIconButton-root"
      tabindex="0"
      type="button"
    >
      <svg
        aria-hidden="true"
        class="MuiSvgIcon-root MuiSvgIcon-fontSizeMedium css-1umw9bq-MuiSvgIcon-root"
        data-testid="MenuIcon"
        focusable="false"
        viewBox="0 0 24 24"
      >
        <path
          d="M3 18h18v-2H3zm0-5h18v-2H3zm0-7v2h18V6z"
        />
      </svg>
    </button>
    <div
      class="MuiTypography-root MuiTypography-h6 css-1bv5yfe-MuiTypography-root"
    >
      Through a Pinhole
       
    </div>
  </div>
</header>
`;
